2026-06-19 13:02:28,825 | INFO | Starting Diabetes Model Training
2026-06-19 13:02:28,986 | INFO | Dataset loaded with shape: (768, 9)
2026-06-19 13:02:29,009 | INFO | Train shape: (652, 8), Test shape: (116, 8)
2026-06-19 13:02:29,012 | ERROR | Training failed: SVC.__init__() got an unexpected keyword argument 'c'. Did you mean 'C'?
Traceback (most recent call last):
  File "C:\Users\Dilsh\Desktop\Github\Medical-Healthcare-Assistant\src\training\diabetes.py", line 90, in train_diabetes_model
    model = SVC(
        random_state=RANDOM_STATE,
        **model_params,
    )
TypeError: SVC.__init__() got an unexpected keyword argument 'c'. Did you mean 'C'?
2026-06-19 13:05:16,785 | INFO | Starting Diabetes Model Training
2026-06-19 13:05:16,795 | INFO | Dataset loaded with shape: (768, 9)
2026-06-19 13:05:16,799 | INFO | Train shape: (652, 8), Test shape: (116, 8)
2026-06-19 13:05:16,857 | INFO | Model training completed
2026-06-19 13:05:16,907 | INFO | Train Acc: 0.8175 | Recall: 0.8509 | F1: 0.7653
2026-06-19 13:05:16,917 | INFO | Test Acc: 0.7500 | Recall: 0.7750 | F1: 0.6813
2026-06-19 13:05:16,926 | INFO | Train Classification Report:
              precision    recall  f1-score   support

           0       0.91      0.80      0.85       424
           1       0.70      0.85      0.77       228

    accuracy                           0.82       652
   macro avg       0.80      0.83      0.81       652
weighted avg       0.83      0.82      0.82       652

2026-06-19 13:05:16,951 | INFO | Test Classification Report:
              precision    recall  f1-score   support

           0       0.86      0.74      0.79        76
           1       0.61      0.78      0.68        40

    accuracy                           0.75       116
   macro avg       0.73      0.76      0.74       116
weighted avg       0.77      0.75      0.76       116

2026-06-19 13:05:16,962 | INFO | Model saved at: C:\Users\Dilsh\Desktop\Github\Medical-Healthcare-Assistant\models\diabetes_model.pkl
2026-06-19 13:05:16,963 | INFO | Diabetes Training Completed
2026-06-19 23:42:51,015 | ERROR | Training Script Failed: [Errno 2] No such file or directory: 'C:\\Users\\Dilsh\\Desktop\\Github\\Medical-Healthcare-Assistant\\dataset\\heart_disease.csv'
Traceback (most recent call last):
  File "C:\Users\Dilsh\Desktop\Github\Medical-Healthcare-Assistant\src\training\heart_disease.py", line 48, in train_model
    df = pd.read_csv(DATASET_PATH)
  File "C:\Users\Dilsh\AppData\Local\Programs\Python\Python313\Lib\site-packages\pandas\io\parsers\readers.py", line 1026, in read_csv
    return _read(filepath_or_buffer, kwds)
  File "C:\Users\Dilsh\AppData\Local\Programs\Python\Python313\Lib\site-packages\pandas\io\parsers\readers.py", line 620, in _read
    parser = TextFileReader(filepath_or_buffer, **kwds)
  File "C:\Users\Dilsh\AppData\Local\Programs\Python\Python313\Lib\site-packages\pandas\io\parsers\readers.py", line 1620, in __init__
    self._engine = self._make_engine(f, self.engine)
                   ~~~~~~~~~~~~~~~~~^^^^^^^^^^^^^^^^
  File "C:\Users\Dilsh\AppData\Local\Programs\Python\Python313\Lib\site-packages\pandas\io\parsers\readers.py", line 1880, in _make_engine
    self.handles = get_handle(
                   ~~~~~~~~~~^
        f,
        ^^
    ...<6 lines>...
        storage_options=self.options.get("storage_options", None),
        ^^^^^^^^^^^^^^^^^^^^^^^^^^^^^^^^^^^^^^^^^^^^^^^^^^^^^^^^^^
    )
    ^
  File "C:\Users\Dilsh\AppData\Local\Programs\Python\Python313\Lib\site-packages\pandas\io\common.py", line 873, in get_handle
    handle = open(
        handle,
    ...<3 lines>...
        newline="",
    )
FileNotFoundError: [Errno 2] No such file or directory: 'C:\\Users\\Dilsh\\Desktop\\Github\\Medical-Healthcare-Assistant\\dataset\\heart_disease.csv'
2026-06-19 23:43:28,624 | ERROR | Training Script Failed: [Errno 2] No such file or directory: 'C:\\Users\\Dilsh\\Desktop\\Github\\Medical-Healthcare-Assistant\\dataset\\heart_disease.csv'
Traceback (most recent call last):
  File "C:\Users\Dilsh\Desktop\Github\Medical-Healthcare-Assistant\src\training\heart_disease.py", line 48, in train_model
    df = pd.read_csv(DATASET_PATH)
  File "C:\Users\Dilsh\AppData\Local\Programs\Python\Python313\Lib\site-packages\pandas\io\parsers\readers.py", line 1026, in read_csv
    return _read(filepath_or_buffer, kwds)
  File "C:\Users\Dilsh\AppData\Local\Programs\Python\Python313\Lib\site-packages\pandas\io\parsers\readers.py", line 620, in _read
    parser = TextFileReader(filepath_or_buffer, **kwds)
  File "C:\Users\Dilsh\AppData\Local\Programs\Python\Python313\Lib\site-packages\pandas\io\parsers\readers.py", line 1620, in __init__
    self._engine = self._make_engine(f, self.engine)
                   ~~~~~~~~~~~~~~~~~^^^^^^^^^^^^^^^^
  File "C:\Users\Dilsh\AppData\Local\Programs\Python\Python313\Lib\site-packages\pandas\io\parsers\readers.py", line 1880, in _make_engine
    self.handles = get_handle(
                   ~~~~~~~~~~^
        f,
        ^^
    ...<6 lines>...
        storage_options=self.options.get("storage_options", None),
        ^^^^^^^^^^^^^^^^^^^^^^^^^^^^^^^^^^^^^^^^^^^^^^^^^^^^^^^^^^
    )
    ^
  File "C:\Users\Dilsh\AppData\Local\Programs\Python\Python313\Lib\site-packages\pandas\io\common.py", line 873, in get_handle
    handle = open(
        handle,
    ...<3 lines>...
        newline="",
    )
FileNotFoundError: [Errno 2] No such file or directory: 'C:\\Users\\Dilsh\\Desktop\\Github\\Medical-Healthcare-Assistant\\dataset\\heart_disease.csv'
2026-06-19 23:45:34,015 | INFO | Dataset loaded with shape: (1025, 14)
2026-06-19 23:45:34,024 | INFO | Train shape: (869, 13), Test shape: (156, 13)
2026-06-19 23:45:36,082 | INFO | Model training completed
2026-06-19 23:45:36,530 | INFO | Train Accuracy: 0.9010 | Recall: 0.9431 | F1: 0.9059
2026-06-19 23:45:36,531 | INFO | Test  Accuracy: 0.8141 | Recall: 0.8966 | F1: 0.8432
2026-06-19 23:45:36,537 | INFO | Train Classification Report:
              precision    recall  f1-score   support

           0       0.94      0.86      0.90       430
           1       0.87      0.94      0.91       439

    accuracy                           0.90       869
   macro avg       0.90      0.90      0.90       869
weighted avg       0.90      0.90      0.90       869

2026-06-19 23:45:36,545 | INFO | Test Classification Report:
              precision    recall  f1-score   support

           0       0.84      0.71      0.77        69
           1       0.80      0.90      0.84        87

    accuracy                           0.81       156
   macro avg       0.82      0.80      0.81       156
weighted avg       0.82      0.81      0.81       156

2026-06-19 23:45:36,835 | INFO | Model saved to: C:\Users\Dilsh\Desktop\Github\Medical-Healthcare-Assistant\models\heart_disease_model.pkl
2026-06-19 23:45:36,835 | INFO | Training Script Completed
